// Jest Snapshot v1, https://goo.gl/fbAQLP

exports[`should render NavBar component and match snapshot 1`] = `
<DocumentFragment>
  <nav
    class="bg-body-tertiary navbar navbar-expand-lg navbar-light"
  >
    <div
      class="container"
    >
      <a
        href="/"
      >
        <span
          class="navbar-brand"
        >
          Jokes
        </span>
      </a>
    </div>
  </nav>
</DocumentFragment>
`;
